app/lbw-demo.tsx(1,8): error TS1259: Module '"E:/Cricket_Scorecard_Final/cric_scorer/node_modules/@types/react/index"' can only be default-imported using the 'esModuleInterop' flag
app/lbw-demo.tsx(204,5): error TS2322: Type '({ translateX: number; translateY?: undefined; scale?: undefined; } | { translateY: number; translateX?: undefined; scale?: undefined; } | { scale: number; translateX?: undefined; translateY?: undefined; })[]' is not assignable to type 'string | readonly (({ perspective: AnimatableNumericValue; } & { rotate?: never; scale?: never; rotateX?: never; rotateY?: never; rotateZ?: never; scaleX?: never; scaleY?: never; ... 4 more ...; matrix?: never; }) | ... 11 more ... | ({ ...; } & { ...; }))[]'.
  Type '({ translateX: number; translateY?: undefined; scale?: undefined; } | { translateY: number; translateX?: undefined; scale?: undefined; } | { scale: number; translateX?: undefined; translateY?: undefined; })[]' is not assignable to type 'readonly (({ perspective: AnimatableNumericValue; } & { rotate?: never; scale?: never; rotateX?: never; rotateY?: never; rotateZ?: never; scaleX?: never; scaleY?: never; translateX?: never; translateY?: never; skewX?: never; skewY?: never; matrix?: never; }) | ... 11 more ... | ({ ...; } & { ...; }))[]'.
    Type '{ translateX: number; translateY?: undefined; scale?: undefined; } | { translateY: number; translateX?: undefined; scale?: undefined; } | { scale: number; translateX?: undefined; translateY?: undefined; }' is not assignable to type '({ perspective: AnimatableNumericValue; } & { rotate?: never; scale?: never; rotateX?: never; rotateY?: never; rotateZ?: never; scaleX?: never; scaleY?: never; translateX?: never; translateY?: never; skewX?: never; skewY?: never; matrix?: never; }) | ... 11 more ... | ({ ...; } & { ...; })'.
      Type '{ translateX: number; translateY?: undefined; scale?: undefined; }' is not assignable to type '({ perspective: AnimatableNumericValue; } & { rotate?: never; scale?: never; rotateX?: never; rotateY?: never; rotateZ?: never; scaleX?: never; scaleY?: never; translateX?: never; translateY?: never; skewX?: never; skewY?: never; matrix?: never; }) | ... 11 more ... | ({ ...; } & { ...; })'.
        Type '{ translateX: number; translateY?: undefined; scale?: undefined; }' is not assignable to type '{ matrix: AnimatableNumericValue[]; } & { perspective?: never; rotate?: never; scale?: never; rotateX?: never; rotateY?: never; rotateZ?: never; scaleX?: never; scaleY?: never; translateX?: never; translateY?: never; skewX?: never; skewY?: never; }'.
          Property 'matrix' is missing in type '{ translateX: number; translateY?: undefined; scale?: undefined; }' but required in type '{ matrix: AnimatableNumericValue[]; }'.
app/lbw-demo.tsx(213,5): error TS2322: Type '({ translateX: number; translateY?: undefined; scale?: undefined; } | { translateY: number; translateX?: undefined; scale?: undefined; } | { scale: number; translateX?: undefined; translateY?: undefined; })[]' is not assignable to type 'string | readonly (({ perspective: AnimatableNumericValue; } & { rotate?: never; scale?: never; rotateX?: never; rotateY?: never; rotateZ?: never; scaleX?: never; scaleY?: never; ... 4 more ...; matrix?: never; }) | ... 11 more ... | ({ ...; } & { ...; }))[]'.
  Type '({ translateX: number; translateY?: undefined; scale?: undefined; } | { translateY: number; translateX?: undefined; scale?: undefined; } | { scale: number; translateX?: undefined; translateY?: undefined; })[]' is not assignable to type 'readonly (({ perspective: AnimatableNumericValue; } & { rotate?: never; scale?: never; rotateX?: never; rotateY?: never; rotateZ?: never; scaleX?: never; scaleY?: never; translateX?: never; translateY?: never; skewX?: never; skewY?: never; matrix?: never; }) | ... 11 more ... | ({ ...; } & { ...; }))[]'.
    Type '{ translateX: number; translateY?: undefined; scale?: undefined; } | { translateY: number; translateX?: undefined; scale?: undefined; } | { scale: number; translateX?: undefined; translateY?: undefined; }' is not assignable to type '({ perspective: AnimatableNumericValue; } & { rotate?: never; scale?: never; rotateX?: never; rotateY?: never; rotateZ?: never; scaleX?: never; scaleY?: never; translateX?: never; translateY?: never; skewX?: never; skewY?: never; matrix?: never; }) | ... 11 more ... | ({ ...; } & { ...; })'.
      Type '{ translateX: number; translateY?: undefined; scale?: undefined; }' is not assignable to type '({ perspective: AnimatableNumericValue; } & { rotate?: never; scale?: never; rotateX?: never; rotateY?: never; rotateZ?: never; scaleX?: never; scaleY?: never; translateX?: never; translateY?: never; skewX?: never; skewY?: never; matrix?: never; }) | ... 11 more ... | ({ ...; } & { ...; })'.
        Type '{ translateX: number; translateY?: undefined; scale?: undefined; }' is not assignable to type '{ matrix: AnimatableNumericValue[]; } & { perspective?: never; rotate?: never; scale?: never; rotateX?: never; rotateY?: never; rotateZ?: never; scaleX?: never; scaleY?: never; translateX?: never; translateY?: never; skewX?: never; skewY?: never; }'.
          Property 'matrix' is missing in type '{ translateX: number; translateY?: undefined; scale?: undefined; }' but required in type '{ matrix: AnimatableNumericValue[]; }'.
app/lbw-demo.tsx(222,5): error TS2322: Type '({ translateX: number; translateY?: undefined; scale?: undefined; } | { translateY: number; translateX?: undefined; scale?: undefined; } | { scale: number; translateX?: undefined; translateY?: undefined; })[]' is not assignable to type 'string | readonly (({ perspective: AnimatableNumericValue; } & { rotate?: never; scale?: never; rotateX?: never; rotateY?: never; rotateZ?: never; scaleX?: never; scaleY?: never; ... 4 more ...; matrix?: never; }) | ... 11 more ... | ({ ...; } & { ...; }))[]'.
  Type '({ translateX: number; translateY?: undefined; scale?: undefined; } | { translateY: number; translateX?: undefined; scale?: undefined; } | { scale: number; translateX?: undefined; translateY?: undefined; })[]' is not assignable to type 'readonly (({ perspective: AnimatableNumericValue; } & { rotate?: never; scale?: never; rotateX?: never; rotateY?: never; rotateZ?: never; scaleX?: never; scaleY?: never; translateX?: never; translateY?: never; skewX?: never; skewY?: never; matrix?: never; }) | ... 11 more ... | ({ ...; } & { ...; }))[]'.
    Type '{ translateX: number; translateY?: undefined; scale?: undefined; } | { translateY: number; translateX?: undefined; scale?: undefined; } | { scale: number; translateX?: undefined; translateY?: undefined; }' is not assignable to type '({ perspective: AnimatableNumericValue; } & { rotate?: never; scale?: never; rotateX?: never; rotateY?: never; rotateZ?: never; scaleX?: never; scaleY?: never; translateX?: never; translateY?: never; skewX?: never; skewY?: never; matrix?: never; }) | ... 11 more ... | ({ ...; } & { ...; })'.
      Type '{ translateX: number; translateY?: undefined; scale?: undefined; }' is not assignable to type '({ perspective: AnimatableNumericValue; } & { rotate?: never; scale?: never; rotateX?: never; rotateY?: never; rotateZ?: never; scaleX?: never; scaleY?: never; translateX?: never; translateY?: never; skewX?: never; skewY?: never; matrix?: never; }) | ... 11 more ... | ({ ...; } & { ...; })'.
        Type '{ translateX: number; translateY?: undefined; scale?: undefined; }' is not assignable to type '{ matrix: AnimatableNumericValue[]; } & { perspective?: never; rotate?: never; scale?: never; rotateX?: never; rotateY?: never; rotateZ?: never; scaleX?: never; scaleY?: never; translateX?: never; translateY?: never; skewX?: never; skewY?: never; }'.
          Property 'matrix' is missing in type '{ translateX: number; translateY?: undefined; scale?: undefined; }' but required in type '{ matrix: AnimatableNumericValue[]; }'.
app/lbw-demo.tsx(269,5): error TS17004: Cannot use JSX unless the '--jsx' flag is provided.
app/lbw-demo.tsx(271,7): error TS17004: Cannot use JSX unless the '--jsx' flag is provided.
app/lbw-demo.tsx(278,7): error TS17004: Cannot use JSX unless the '--jsx' flag is provided.
app/lbw-demo.tsx(285,9): error TS17004: Cannot use JSX unless the '--jsx' flag is provided.
app/lbw-demo.tsx(286,11): error TS17004: Cannot use JSX unless the '--jsx' flag is provided.
app/lbw-demo.tsx(290,11): error TS17004: Cannot use JSX unless the '--jsx' flag is provided.
app/lbw-demo.tsx(291,13): error TS17004: Cannot use JSX unless the '--jsx' flag is provided.
app/lbw-demo.tsx(292,15): error TS17004: Cannot use JSX unless the '--jsx' flag is provided.
app/lbw-demo.tsx(294,13): error TS17004: Cannot use JSX unless the '--jsx' flag is provided.
app/lbw-demo.tsx(295,15): error TS17004: Cannot use JSX unless the '--jsx' flag is provided.
app/lbw-demo.tsx(297,13): error TS17004: Cannot use JSX unless the '--jsx' flag is provided.
app/lbw-demo.tsx(298,13): error TS17004: Cannot use JSX unless the '--jsx' flag is provided.
app/lbw-demo.tsx(301,13): error TS17004: Cannot use JSX unless the '--jsx' flag is provided.
app/lbw-demo.tsx(302,15): error TS17004: Cannot use JSX unless the '--jsx' flag is provided.
app/lbw-demo.tsx(303,15): error TS17004: Cannot use JSX unless the '--jsx' flag is provided.
app/lbw-demo.tsx(304,15): error TS17004: Cannot use JSX unless the '--jsx' flag is provided.
app/lbw-demo.tsx(312,9): error TS17004: Cannot use JSX unless the '--jsx' flag is provided.
app/lbw-demo.tsx(313,11): error TS17004: Cannot use JSX unless the '--jsx' flag is provided.
app/lbw-demo.tsx(317,11): error TS17004: Cannot use JSX unless the '--jsx' flag is provided.
app/lbw-demo.tsx(319,13): error TS17004: Cannot use JSX unless the '--jsx' flag is provided.
app/lbw-demo.tsx(320,15): error TS17004: Cannot use JSX unless the '--jsx' flag is provided.
app/lbw-demo.tsx(321,15): error TS17004: Cannot use JSX unless the '--jsx' flag is provided.
app/lbw-demo.tsx(329,13): error TS17004: Cannot use JSX unless the '--jsx' flag is provided.
app/lbw-demo.tsx(330,15): error TS17004: Cannot use JSX unless the '--jsx' flag is provided.
app/lbw-demo.tsx(331,15): error TS17004: Cannot use JSX unless the '--jsx' flag is provided.
app/lbw-demo.tsx(340,13): error TS17004: Cannot use JSX unless the '--jsx' flag is provided.
app/lbw-demo.tsx(341,15): error TS17004: Cannot use JSX unless the '--jsx' flag is provided.
app/lbw-demo.tsx(342,15): error TS17004: Cannot use JSX unless the '--jsx' flag is provided.
app/lbw-demo.tsx(352,11): error TS17004: Cannot use JSX unless the '--jsx' flag is provided.
app/lbw-demo.tsx(353,13): error TS17004: Cannot use JSX unless the '--jsx' flag is provided.
app/lbw-demo.tsx(354,13): error TS17004: Cannot use JSX unless the '--jsx' flag is provided.
app/lbw-demo.tsx(361,9): error TS17004: Cannot use JSX unless the '--jsx' flag is provided.
app/lbw-demo.tsx(363,11): error TS17004: Cannot use JSX unless the '--jsx' flag is provided.
app/lbw-demo.tsx(366,11): error TS17004: Cannot use JSX unless the '--jsx' flag is provided.
app/lbw-demo.tsx(369,11): error TS17004: Cannot use JSX unless the '--jsx' flag is provided.
app/lbw-demo.tsx(370,13): error TS17004: Cannot use JSX unless the '--jsx' flag is provided.
app/lbw-demo.tsx(376,7): error TS17004: Cannot use JSX unless the '--jsx' flag is provided.
app/lbw-demo.tsx(377,9): error TS17004: Cannot use JSX unless the '--jsx' flag is provided.
app/lbw-demo.tsx(384,11): error TS17004: Cannot use JSX unless the '--jsx' flag is provided.
app/lbw-demo.tsx(385,13): error TS17004: Cannot use JSX unless the '--jsx' flag is provided.
app/lbw-demo.tsx(395,9): error TS17004: Cannot use JSX unless the '--jsx' flag is provided.
app/lbw-demo.tsx(396,11): error TS17004: Cannot use JSX unless the '--jsx' flag is provided.
app/lbw-demo.tsx(400,11): error TS17004: Cannot use JSX unless the '--jsx' flag is provided.
app/lbw-demo.tsx(402,13): error TS17004: Cannot use JSX unless the '--jsx' flag is provided.
app/lbw-demo.tsx(403,15): error TS17004: Cannot use JSX unless the '--jsx' flag is provided.
app/lbw-demo.tsx(404,17): error TS17004: Cannot use JSX unless the '--jsx' flag is provided.
app/lbw-demo.tsx(405,17): error TS17004: Cannot use JSX unless the '--jsx' flag is provided.
app/lbw-demo.tsx(406,19): error TS17004: Cannot use JSX unless the '--jsx' flag is provided.
app/lbw-demo.tsx(409,15): error TS17004: Cannot use JSX unless the '--jsx' flag is provided.
app/lbw-demo.tsx(410,17): error TS17004: Cannot use JSX unless the '--jsx' flag is provided.
app/lbw-demo.tsx(411,17): error TS17004: Cannot use JSX unless the '--jsx' flag is provided.
app/lbw-demo.tsx(412,19): error TS17004: Cannot use JSX unless the '--jsx' flag is provided.
app/lbw-demo.tsx(415,15): error TS17004: Cannot use JSX unless the '--jsx' flag is provided.
app/lbw-demo.tsx(416,17): error TS17004: Cannot use JSX unless the '--jsx' flag is provided.
app/lbw-demo.tsx(417,17): error TS17004: Cannot use JSX unless the '--jsx' flag is provided.
app/lbw-demo.tsx(418,19): error TS17004: Cannot use JSX unless the '--jsx' flag is provided.
app/lbw-demo.tsx(424,13): error TS17004: Cannot use JSX unless the '--jsx' flag is provided.
app/lbw-demo.tsx(425,13): error TS17004: Cannot use JSX unless the '--jsx' flag is provided.
app/lbw-demo.tsx(428,13): error TS17004: Cannot use JSX unless the '--jsx' flag is provided.
app/lbw-demo.tsx(429,15): error TS17004: Cannot use JSX unless the '--jsx' flag is provided.
app/lbw-demo.tsx(430,17): error TS17004: Cannot use JSX unless the '--jsx' flag is provided.
app/lbw-demo.tsx(431,17): error TS17004: Cannot use JSX unless the '--jsx' flag is provided.
app/lbw-demo.tsx(433,15): error TS17004: Cannot use JSX unless the '--jsx' flag is provided.
app/lbw-demo.tsx(434,17): error TS17004: Cannot use JSX unless the '--jsx' flag is provided.
app/lbw-demo.tsx(442,7): error TS17004: Cannot use JSX unless the '--jsx' flag is provided.
app/lbw-demo.tsx(443,9): error TS17004: Cannot use JSX unless the '--jsx' flag is provided.
node_modules/@react-navigation/core/lib/typescript/commonjs/src/StaticNavigation.d.ts(35,27): error TS2315: Type 'StaticParamList' is not generic.
node_modules/@react-navigation/core/lib/typescript/commonjs/src/StaticNavigation.d.ts(35,137): error TS2315: Type 'StaticParamList' is not generic.
node_modules/@react-navigation/core/lib/typescript/commonjs/src/StaticNavigation.d.ts(130,13): error TS2456: Type alias 'StaticParamList' circularly references itself.
node_modules/@types/node/module.d.ts(680,13): error TS2403: Subsequent variable declarations must have the same type.  Variable 'require' must be of type 'NodeRequire', but here has type 'Require'.
node_modules/@types/react/global.d.ts(154,11): error TS2300: Duplicate identifier 'FormData'.
node_modules/expo-router/build/ExpoRoot.d.ts(1,8): error TS1259: Module '"E:/Cricket_Scorecard_Final/cric_scorer/node_modules/@types/react/index"' can only be default-imported using the 'esModuleInterop' flag
node_modules/expo-router/build/layouts/TabsClient.d.ts(3,8): error TS1259: Module '"E:/Cricket_Scorecard_Final/cric_scorer/node_modules/@types/react/index"' can only be default-imported using the 'esModuleInterop' flag
node_modules/expo-router/build/layouts/TabsClient.d.ts(18,210): error TS2344: Type 'unknown' does not satisfy the constraint 'boolean'.
node_modules/expo-router/build/layouts/TabsClient.d.ts(19,216): error TS2344: Type 'unknown' does not satisfy the constraint 'boolean'.
node_modules/expo-router/build/layouts/TabsClient.d.ts(20,212): error TS2344: Type 'unknown' does not satisfy the constraint 'boolean'.
node_modules/expo-router/build/layouts/TabsClient.d.ts(21,196): error TS2344: Type 'unknown' does not satisfy the constraint 'boolean'.
node_modules/expo-router/build/layouts/TabsClient.d.ts(22,194): error TS2344: Type 'unknown' does not satisfy the constraint 'boolean'.
node_modules/expo-router/build/layouts/TabsClient.d.ts(23,196): error TS2344: Type 'unknown' does not satisfy the constraint 'boolean'.
node_modules/expo-router/build/layouts/TabsClient.d.ts(30,210): error TS2344: Type 'unknown' does not satisfy the constraint 'boolean'.
node_modules/expo-router/build/layouts/TabsClient.d.ts(31,216): error TS2344: Type 'unknown' does not satisfy the constraint 'boolean'.
node_modules/expo-router/build/layouts/TabsClient.d.ts(32,212): error TS2344: Type 'unknown' does not satisfy the constraint 'boolean'.
node_modules/expo-router/build/layouts/TabsClient.d.ts(33,196): error TS2344: Type 'unknown' does not satisfy the constraint 'boolean'.
node_modules/expo-router/build/layouts/TabsClient.d.ts(34,194): error TS2344: Type 'unknown' does not satisfy the constraint 'boolean'.
node_modules/expo-router/build/layouts/TabsClient.d.ts(35,196): error TS2344: Type 'unknown' does not satisfy the constraint 'boolean'.
node_modules/expo-router/build/layouts/TabsClient.d.ts(78,210): error TS2344: Type 'unknown' does not satisfy the constraint 'boolean'.
node_modules/expo-router/build/layouts/TabsClient.d.ts(79,216): error TS2344: Type 'unknown' does not satisfy the constraint 'boolean'.
node_modules/expo-router/build/layouts/TabsClient.d.ts(80,212): error TS2344: Type 'unknown' does not satisfy the constraint 'boolean'.
node_modules/expo-router/build/layouts/TabsClient.d.ts(81,196): error TS2344: Type 'unknown' does not satisfy the constraint 'boolean'.
node_modules/expo-router/build/layouts/TabsClient.d.ts(82,194): error TS2344: Type 'unknown' does not satisfy the constraint 'boolean'.
node_modules/expo-router/build/layouts/TabsClient.d.ts(83,196): error TS2344: Type 'unknown' does not satisfy the constraint 'boolean'.
node_modules/expo-router/build/layouts/TabsClient.d.ts(90,210): error TS2344: Type 'unknown' does not satisfy the constraint 'boolean'.
node_modules/expo-router/build/layouts/TabsClient.d.ts(91,216): error TS2344: Type 'unknown' does not satisfy the constraint 'boolean'.
node_modules/expo-router/build/layouts/TabsClient.d.ts(92,212): error TS2344: Type 'unknown' does not satisfy the constraint 'boolean'.
node_modules/expo-router/build/layouts/TabsClient.d.ts(93,196): error TS2344: Type 'unknown' does not satisfy the constraint 'boolean'.
node_modules/expo-router/build/layouts/TabsClient.d.ts(94,194): error TS2344: Type 'unknown' does not satisfy the constraint 'boolean'.
node_modules/expo-router/build/layouts/TabsClient.d.ts(95,196): error TS2344: Type 'unknown' does not satisfy the constraint 'boolean'.
node_modules/expo-router/build/layouts/withLayoutContext.d.ts(2,8): error TS1259: Module '"E:/Cricket_Scorecard_Final/cric_scorer/node_modules/@types/react/index"' can only be default-imported using the 'esModuleInterop' flag
node_modules/expo-router/build/Route.d.ts(1,8): error TS1259: Module '"E:/Cricket_Scorecard_Final/cric_scorer/node_modules/@types/react/index"' can only be default-imported using the 'esModuleInterop' flag
node_modules/expo-router/build/useScreens.d.ts(2,8): error TS1259: Module '"E:/Cricket_Scorecard_Final/cric_scorer/node_modules/@types/react/index"' can only be default-imported using the 'esModuleInterop' flag
node_modules/expo-router/build/views/Try.d.ts(1,8): error TS1259: Module '"E:/Cricket_Scorecard_Final/cric_scorer/node_modules/@types/react/index"' can only be default-imported using the 'esModuleInterop' flag
node_modules/expo-router/build/views/Unmatched.d.ts(1,8): error TS1259: Module '"E:/Cricket_Scorecard_Final/cric_scorer/node_modules/@types/react/index"' can only be default-imported using the 'esModuleInterop' flag
node_modules/react-native-reanimated/lib/typescript/component/FlatList.d.ts(1,8): error TS1259: Module '"E:/Cricket_Scorecard_Final/cric_scorer/node_modules/@types/react/index"' can only be default-imported using the 'esModuleInterop' flag
node_modules/react-native-reanimated/lib/typescript/component/LayoutAnimationConfig.d.ts(1,8): error TS1259: Module '"E:/Cricket_Scorecard_Final/cric_scorer/node_modules/@types/react/index"' can only be default-imported using the 'esModuleInterop' flag
node_modules/react-native-reanimated/lib/typescript/component/PerformanceMonitor.d.ts(1,8): error TS1259: Module '"E:/Cricket_Scorecard_Final/cric_scorer/node_modules/@types/react/index"' can only be default-imported using the 'esModuleInterop' flag
node_modules/react-native-reanimated/lib/typescript/component/ScrollView.d.ts(1,8): error TS1259: Module '"E:/Cricket_Scorecard_Final/cric_scorer/node_modules/@types/react/index"' can only be default-imported using the 'esModuleInterop' flag
node_modules/react-native-reanimated/lib/typescript/jestUtils.d.ts(1,40): error TS2307: Cannot find module 'react-test-renderer' or its corresponding type declarations.
node_modules/react-native-screens/lib/typescript/components/FullWindowOverlay.d.ts(1,8): error TS1259: Module '"E:/Cricket_Scorecard_Final/cric_scorer/node_modules/@types/react/index"' can only be default-imported using the 'esModuleInterop' flag
node_modules/react-native-screens/lib/typescript/components/Screen.d.ts(1,8): error TS1259: Module '"E:/Cricket_Scorecard_Final/cric_scorer/node_modules/@types/react/index"' can only be default-imported using the 'esModuleInterop' flag
node_modules/react-native-screens/lib/typescript/components/ScreenContainer.d.ts(1,8): error TS1259: Module '"E:/Cricket_Scorecard_Final/cric_scorer/node_modules/@types/react/index"' can only be default-imported using the 'esModuleInterop' flag
node_modules/react-native-screens/lib/typescript/components/ScreenContentWrapper.d.ts(1,8): error TS1259: Module '"E:/Cricket_Scorecard_Final/cric_scorer/node_modules/@types/react/index"' can only be default-imported using the 'esModuleInterop' flag
node_modules/react-native-screens/lib/typescript/components/ScreenFooter.d.ts(1,8): error TS1259: Module '"E:/Cricket_Scorecard_Final/cric_scorer/node_modules/@types/react/index"' can only be default-imported using the 'esModuleInterop' flag
node_modules/react-native-screens/lib/typescript/components/ScreenStack.d.ts(1,8): error TS1259: Module '"E:/Cricket_Scorecard_Final/cric_scorer/node_modules/@types/react/index"' can only be default-imported using the 'esModuleInterop' flag
node_modules/react-native-screens/lib/typescript/components/ScreenStackHeaderConfig.d.ts(1,8): error TS1259: Module '"E:/Cricket_Scorecard_Final/cric_scorer/node_modules/@types/react/index"' can only be default-imported using the 'esModuleInterop' flag
node_modules/react-native-screens/lib/typescript/components/SearchBar.d.ts(1,8): error TS1259: Module '"E:/Cricket_Scorecard_Final/cric_scorer/node_modules/@types/react/index"' can only be default-imported using the 'esModuleInterop' flag
node_modules/react-native-screens/lib/typescript/native-stack/types.d.ts(72,155): error TS2344: Type 'StackNavigationState<ParamList>' does not satisfy the constraint 'string'.
node_modules/react-native-screens/lib/typescript/native-stack/types.d.ts(530,41): error TS2314: Generic type 'DefaultNavigatorOptions' requires 6 type argument(s).
node_modules/react-native-screens/lib/typescript/native-stack/types.d.ts(534,37): error TS2314: Generic type 'Descriptor' requires 3 type argument(s).
node_modules/react-native-screens/lib/typescript/types.d.ts(1,8): error TS1259: Module '"E:/Cricket_Scorecard_Final/cric_scorer/node_modules/@types/react/index"' can only be default-imported using the 'esModuleInterop' flag
node_modules/react-native-svg/lib/typescript/lib/extract/types.d.ts(2,13): error TS1259: Module '"E:/Cricket_Scorecard_Final/cric_scorer/node_modules/@types/react/index"' can only be default-imported using the 'esModuleInterop' flag
node_modules/react-native/types/modules/globals.d.ts(78,13): error TS2403: Subsequent variable declarations must have the same type.  Variable 'Blob' must be of type '{ new (blobParts?: BlobPart[], options?: BlobPropertyBag): Blob; prototype: Blob; }', but here has type '{ new (blobParts?: (string | Blob)[], options?: BlobOptions): Blob; prototype: Blob; }'.
node_modules/react-native/types/modules/globals.d.ts(84,3): error TS2687: All declarations of 'name' must have identical modifiers.
node_modules/react-native/types/modules/globals.d.ts(85,3): error TS2687: All declarations of 'lastModified' must have identical modifiers.
node_modules/react-native/types/modules/globals.d.ts(88,13): error TS2403: Subsequent variable declarations must have the same type.  Variable 'File' must be of type '{ new (fileBits: BlobPart[], fileName: string, options?: FilePropertyBag): File; prototype: File; }', but here has type '{ new (fileParts?: (string | Blob)[], name?: string, options?: BlobOptions): File; prototype: File; }'.
node_modules/react-native/types/modules/globals.d.ts(113,15): error TS2300: Duplicate identifier 'FormData'.
node_modules/react-native/types/modules/globals.d.ts(141,13): error TS2403: Subsequent variable declarations must have the same type.  Variable 'Headers' must be of type '{ new (init?: HeadersInit): Headers; prototype: Headers; }', but here has type '{ new (init?: HeadersInit_): Headers; prototype: Headers; }'.
node_modules/react-native/types/modules/globals.d.ts(175,3): error TS2717: Subsequent property declarations must have the same type.  Property 'body' must be of type 'BodyInit', but here has type 'BodyInit_'.
node_modules/react-native/types/modules/globals.d.ts(177,3): error TS2717: Subsequent property declarations must have the same type.  Property 'headers' must be of type 'HeadersInit', but here has type 'HeadersInit_'.
node_modules/react-native/types/modules/globals.d.ts(183,3): error TS2717: Subsequent property declarations must have the same type.  Property 'window' must be of type 'null', but here has type 'any'.
node_modules/react-native/types/modules/globals.d.ts(198,13): error TS2403: Subsequent variable declarations must have the same type.  Variable 'Request' must be of type '{ new (input: RequestInfo | URL, init?: RequestInit): Request; prototype: Request; }', but here has type '{ new (input: string | Request, init?: RequestInit): Request; prototype: Request; }'.
node_modules/react-native/types/modules/globals.d.ts(203,14): error TS2300: Duplicate identifier 'RequestInfo'.
node_modules/react-native/types/modules/globals.d.ts(206,3): error TS2717: Subsequent property declarations must have the same type.  Property 'headers' must be of type 'HeadersInit', but here has type 'HeadersInit_'.
node_modules/react-native/types/modules/globals.d.ts(222,13): error TS2403: Subsequent variable declarations must have the same type.  Variable 'Response' must be of type '{ new (body?: BodyInit, init?: ResponseInit): Response; prototype: Response; error(): Response; json(data: any, init?: ResponseInit): Response; redirect(url: string | URL, status?: number): Response; }', but here has type '{ new (body?: BodyInit_, init?: ResponseInit): Response; prototype: Response; error: () => Response; redirect: (url: string, status?: number) => Response; }'.
node_modules/react-native/types/modules/globals.d.ts(312,3): error TS2717: Subsequent property declarations must have the same type.  Property 'abort' must be of type 'ProgressEvent<XMLHttpRequestEventTarget>', but here has type 'ProgressEvent<EventTarget>'.
node_modules/react-native/types/modules/globals.d.ts(313,3): error TS2717: Subsequent property declarations must have the same type.  Property 'error' must be of type 'ProgressEvent<XMLHttpRequestEventTarget>', but here has type 'ProgressEvent<EventTarget>'.
node_modules/react-native/types/modules/globals.d.ts(314,3): error TS2717: Subsequent property declarations must have the same type.  Property 'load' must be of type 'ProgressEvent<XMLHttpRequestEventTarget>', but here has type 'ProgressEvent<EventTarget>'.
node_modules/react-native/types/modules/globals.d.ts(315,3): error TS2717: Subsequent property declarations must have the same type.  Property 'loadend' must be of type 'ProgressEvent<XMLHttpRequestEventTarget>', but here has type 'ProgressEvent<EventTarget>'.
node_modules/react-native/types/modules/globals.d.ts(316,3): error TS2717: Subsequent property declarations must have the same type.  Property 'loadstart' must be of type 'ProgressEvent<XMLHttpRequestEventTarget>', but here has type 'ProgressEvent<EventTarget>'.
node_modules/react-native/types/modules/globals.d.ts(317,3): error TS2717: Subsequent property declarations must have the same type.  Property 'progress' must be of type 'ProgressEvent<XMLHttpRequestEventTarget>', but here has type 'ProgressEvent<EventTarget>'.
node_modules/react-native/types/modules/globals.d.ts(318,3): error TS2717: Subsequent property declarations must have the same type.  Property 'timeout' must be of type 'ProgressEvent<XMLHttpRequestEventTarget>', but here has type 'ProgressEvent<EventTarget>'.
node_modules/react-native/types/modules/globals.d.ts(371,14): error TS2300: Duplicate identifier 'XMLHttpRequestResponseType'.
node_modules/react-native/types/modules/globals.d.ts(384,15): error TS2300: Duplicate identifier 'URL'.
node_modules/react-native/types/modules/globals.d.ts(409,15): error TS2300: Duplicate identifier 'URLSearchParams'.
node_modules/react-native/types/modules/globals.d.ts(468,3): error TS2717: Subsequent property declarations must have the same type.  Property 'onopen' must be of type '(this: WebSocket, ev: Event) => any', but here has type '() => void'.
node_modules/react-native/types/modules/globals.d.ts(469,3): error TS2717: Subsequent property declarations must have the same type.  Property 'onmessage' must be of type '(this: WebSocket, ev: MessageEvent<any>) => any', but here has type '(event: WebSocketMessageEvent) => void'.
node_modules/react-native/types/modules/globals.d.ts(470,3): error TS2717: Subsequent property declarations must have the same type.  Property 'onerror' must be of type '(this: WebSocket, ev: Event) => any', but here has type '(event: WebSocketErrorEvent) => void'.
node_modules/react-native/types/modules/globals.d.ts(471,3): error TS2717: Subsequent property declarations must have the same type.  Property 'onclose' must be of type '(this: WebSocket, ev: CloseEvent) => any', but here has type '(event: WebSocketCloseEvent) => void'.
node_modules/react-native/types/modules/globals.d.ts(472,3): error TS2717: Subsequent property declarations must have the same type.  Property 'addEventListener' must be of type '{ <K extends keyof WebSocketEventMap>(type: K, listener: (this: WebSocket, ev: WebSocketEventMap[K]) => any, options?: boolean | AddEventListenerOptions): void; (type: string, listener: EventListenerOrEventListenerObject, options?: boolean | AddEventListenerOptions): void; }', but here has type 'WebsocketEventListener'.
node_modules/react-native/types/modules/globals.d.ts(473,3): error TS2717: Subsequent property declarations must have the same type.  Property 'removeEventListener' must be of type '{ <K extends keyof WebSocketEventMap>(type: K, listener: (this: WebSocket, ev: WebSocketEventMap[K]) => any, options?: boolean | EventListenerOptions): void; (type: string, listener: EventListenerOrEventListenerObject, options?: boolean | EventListenerOptions): void; }', but here has type 'WebsocketEventListener'.
node_modules/react-native/types/modules/globals.d.ts(476,13): error TS2403: Subsequent variable declarations must have the same type.  Variable 'WebSocket' must be of type '{ new (url: string | URL, protocols?: string | string[]): WebSocket; prototype: WebSocket; readonly CONNECTING: 0; readonly OPEN: 1; readonly CLOSING: 2; readonly CLOSED: 3; }', but here has type '{ new (uri: string, protocols?: string | string[], options?: { [optionName: string]: any; headers: { [headerName: string]: string; }; }): WebSocket; prototype: WebSocket; readonly CLOSED: number; readonly CLOSING: number; readonly CONNECTING: number; readonly OPEN: number; }'.
node_modules/react-native/types/modules/globals.d.ts(500,15): error TS2300: Duplicate identifier 'AbortSignal'.
node_modules/react-native/types/modules/globals.d.ts(500,15): error TS2420: Class 'AbortSignal' incorrectly implements interface 'EventTarget'.
  Property 'dispatchEvent' is missing in type 'AbortSignal' but required in type 'EventTarget'.
node_modules/react-native/types/modules/globals.d.ts(535,15): error TS2300: Duplicate identifier 'AbortController'.
node_modules/react-native/types/modules/globals.d.ts(560,12): error TS2717: Subsequent property declarations must have the same type.  Property 'error' must be of type 'DOMException', but here has type 'Error'.
node_modules/react-native/types/modules/globals.d.ts(569,12): error TS2717: Subsequent property declarations must have the same type.  Property 'readyState' must be of type '0 | 2 | 1', but here has type 'number'.
node_modules/typescript/lib/lib.dom.d.ts(2495,11): error TS2300: Duplicate identifier 'AbortController'.
node_modules/typescript/lib/lib.dom.d.ts(2510,13): error TS2300: Duplicate identifier 'AbortController'.
node_modules/typescript/lib/lib.dom.d.ts(2524,11): error TS2300: Duplicate identifier 'AbortSignal'.
node_modules/typescript/lib/lib.dom.d.ts(2543,13): error TS2300: Duplicate identifier 'AbortSignal'.
node_modules/typescript/lib/lib.dom.d.ts(8754,14): error TS2687: All declarations of 'lastModified' must have identical modifiers.
node_modules/typescript/lib/lib.dom.d.ts(8756,14): error TS2687: All declarations of 'name' must have identical modifiers.
node_modules/typescript/lib/lib.dom.d.ts(9102,11): error TS2300: Duplicate identifier 'FormData'.
node_modules/typescript/lib/lib.dom.d.ts(9122,13): error TS2300: Duplicate identifier 'FormData'.
node_modules/typescript/lib/lib.dom.d.ts(23219,11): error TS2300: Duplicate identifier 'URL'.
node_modules/typescript/lib/lib.dom.d.ts(23249,13): error TS2300: Duplicate identifier 'URL'.
node_modules/typescript/lib/lib.dom.d.ts(23266,11): error TS2300: Duplicate identifier 'URLSearchParams'.
node_modules/typescript/lib/lib.dom.d.ts(23312,13): error TS2300: Duplicate identifier 'URLSearchParams'.
node_modules/typescript/lib/lib.dom.d.ts(28790,6): error TS2300: Duplicate identifier 'RequestInfo'.
node_modules/typescript/lib/lib.dom.d.ts(28983,6): error TS2300: Duplicate identifier 'XMLHttpRequestResponseType'.
